DEBUG:asyncio:Using proactor: IocpProactor
INFO:root:[34msocket start[0m
INFO:root:[34mWebsocket start[0m
INFO:websockets.server:server listening on [::1]:8001
INFO:websockets.server:server listening on 127.0.0.1:8001
DEBUG:asyncio:Using proactor: IocpProactor
INFO:root:[34msocket start[0m
INFO:root:[34mWebsocket start[0m
INFO:websockets.server:server listening on [::1]:8001
INFO:websockets.server:server listening on 127.0.0.1:8001
DEBUG:root:'/score'
DEBUG:asyncio:Using proactor: IocpProactor
INFO:root:[34msocket start[0m
INFO:root:[34mWebsocket start[0m
INFO:websockets.server:server listening on 127.0.0.1:8001
INFO:websockets.server:server listening on [::1]:8001
DEBUG:root:sPAn
DEBUG:root:'/score'
DEBUG:asyncio:Using proactor: IocpProactor
INFO:root:[34msocket start[0m
INFO:root:[34mWebsocket start[0m
INFO:websockets.server:server listening on [::1]:8001
INFO:websockets.server:server listening on 127.0.0.1:8001
DEBUG:root:'/score'
DEBUG:root:'/score'
DEBUG:root:'/score'
DEBUG:root:'/score'
DEBUG:root:'/score'
DEBUG:root:'/score'
DEBUG:root:'/score'
DEBUG:asyncio:Using proactor: IocpProactor
INFO:root:[34msocket start[0m
INFO:root:[34mWebsocket start[0m
INFO:websockets.server:server listening on 127.0.0.1:8001
INFO:websockets.server:server listening on [::1]:8001
DEBUG:root:'/score'
DEBUG:root:'/score'
DEBUG:root:'/score'
DEBUG:root:'/score'
DEBUG:root:'/score'
DEBUG:root:'/score'
DEBUG:root:'/score'
DEBUG:root:'/score'
DEBUG:root:'/score'
DEBUG:root:'/score'
DEBUG:root:'/score'
DEBUG:root:'/score'
DEBUG:root:'/score'
DEBUG:root:'/score'
DEBUG:root:'/score'
DEBUG:root:'/score'
DEBUG:root:'/score'
DEBUG:root:'/score'
DEBUG:root:'/score'
DEBUG:root:'/score'
DEBUG:root:'/score'
DEBUG:root:'/score'
DEBUG:root:'/score'
DEBUG:root:'/score'
DEBUG:root:'/score'
DEBUG:root:'/score'
DEBUG:root:'/score'
DEBUG:root:'/score'
DEBUG:root:'/score'
DEBUG:root:'/score'
DEBUG:root:'/score'
DEBUG:root:'/score'
DEBUG:root:'/score'
DEBUG:root:'/score'
DEBUG:root:'/score'
DEBUG:root:'/score'
DEBUG:root:'/score'
DEBUG:root:'/score'
DEBUG:root:'/score'
DEBUG:root:'/score'
DEBUG:root:'/score'
DEBUG:root:'/score'
DEBUG:root:'/score'
DEBUG:root:'/score'
DEBUG:root:'/score'
DEBUG:root:'/score'
DEBUG:root:'/score'
DEBUG:root:'/score'
DEBUG:root:'/score'
DEBUG:root:'/score'
DEBUG:root:'/score'
DEBUG:root:'/score'
DEBUG:root:'/score'
DEBUG:root:'/score'
DEBUG:root:'/score'
DEBUG:root:'/score'
DEBUG:root:'/score'
DEBUG:root:'/score'
DEBUG:root:'/score'
DEBUG:root:'/score'
DEBUG:root:'/score'
DEBUG:root:'/score'
DEBUG:root:'/score'
DEBUG:root:'/score'
DEBUG:root:'/score'
DEBUG:root:'/score'
DEBUG:root:'/score'
DEBUG:root:'/score'
DEBUG:root:'/score'
DEBUG:root:'/score'
DEBUG:root:'/score'
DEBUG:root:'/score'
DEBUG:root:'/score'
DEBUG:root:'/score'
DEBUG:root:'/score'
DEBUG:root:'/score'
DEBUG:root:'/score'
DEBUG:root:'/score'
DEBUG:root:'/score'
DEBUG:root:'/score'
DEBUG:root:'/score'
DEBUG:root:'/score'
DEBUG:root:'/score'
DEBUG:asyncio:Using proactor: IocpProactor
INFO:root:[34msocket start[0m
INFO:root:[34mWebsocket start[0m
INFO:websockets.server:server listening on 127.0.0.1:8001
INFO:websockets.server:server listening on [::1]:8001
DEBUG:root:'/score'
DEBUG:root:'/score'
DEBUG:root:'/score'
DEBUG:root:'/score'
DEBUG:root:'/score'
DEBUG:root:'/score'
DEBUG:root:'/score'
DEBUG:root:'/score'
DEBUG:root:'/score'
DEBUG:root:'/score'
DEBUG:root:'/score'
DEBUG:root:'/score'
DEBUG:root:'/score'
DEBUG:root:'/score'
DEBUG:root:'/score'
DEBUG:root:'/score'
DEBUG:root:'/score'
DEBUG:root:'/score'
DEBUG:root:'/score'
DEBUG:root:'/score'
DEBUG:root:'/score'
DEBUG:root:'/score'
DEBUG:root:'/score'
DEBUG:root:'/score'
DEBUG:root:'/score'
DEBUG:root:'/score'
DEBUG:root:'/score'
DEBUG:root:'/score'
DEBUG:root:'/score'
DEBUG:root:'/score'
DEBUG:root:'/score'
DEBUG:root:'/score'
DEBUG:root:'/score'
DEBUG:root:'/score'
DEBUG:root:'/score'
DEBUG:root:'/score'
DEBUG:root:'/score'
DEBUG:root:'/score'
DEBUG:root:'/score'
DEBUG:root:'/score'
DEBUG:root:'/score'
DEBUG:root:'/score'
DEBUG:root:'/score'
DEBUG:root:'/score'
DEBUG:root:'/score'
DEBUG:root:'/playerName'
DEBUG:root:'/playerName'
DEBUG:root:'/playerName'
DEBUG:root:'/playerName'
DEBUG:root:'/playerName'
DEBUG:root:'/playerName'
DEBUG:root:'/playerName'
DEBUG:root:'/playerName'
DEBUG:root:'/playerName'
DEBUG:root:'/playerName'
DEBUG:root:'/playerName'
DEBUG:root:'/playerName'
DEBUG:root:'/playerName'
DEBUG:asyncio:Using proactor: IocpProactor
INFO:root:[34msocket start[0m
INFO:root:[34mWebsocket start[0m
INFO:websockets.server:server listening on 127.0.0.1:8001
INFO:websockets.server:server listening on [::1]:8001
DEBUG:asyncio:Using proactor: IocpProactor
INFO:root:[34msocket start[0m
INFO:root:[34mWebsocket start[0m
INFO:websockets.server:server listening on [::1]:8001
INFO:websockets.server:server listening on 127.0.0.1:8001
DEBUG:asyncio:Using proactor: IocpProactor
INFO:root:[34msocket start[0m
INFO:root:[34mWebsocket start[0m
INFO:websockets.server:server listening on [::1]:8001
INFO:websockets.server:server listening on 127.0.0.1:8001
DEBUG:websockets.server:= connection is CONNECTING
DEBUG:websockets.server:< GET /icon HTTP/1.1
DEBUG:websockets.server:< Host: localhost:8001
DEBUG:websockets.server:< Connection: Upgrade
DEBUG:websockets.server:< Pragma: no-cache
DEBUG:websockets.server:< Cache-Control: no-cache
DEBUG:websockets.server:< User-Agent: Mozilla/5.0 (Windows NT 10.0; Win64; x64) AppleWebKit/537.36 (KHTML, like Gecko) Chrome/112.0.0.0 Safari/537.36
DEBUG:websockets.server:< Upgrade: websocket
DEBUG:websockets.server:< Origin: null
DEBUG:websockets.server:< Sec-WebSocket-Version: 13
DEBUG:websockets.server:< Accept-Encoding: gzip, deflate, br
DEBUG:websockets.server:< Accept-Language: ja,en-US;q=0.9,en;q=0.8
DEBUG:websockets.server:< Sec-WebSocket-Key: pT4fI5HEFucflVsyMY5bFg==
DEBUG:websockets.server:< Sec-WebSocket-Extensions: permessage-deflate; client_max_window_bits
DEBUG:websockets.server:> HTTP/1.1 101 Switching Protocols
DEBUG:websockets.server:> Upgrade: websocket
DEBUG:websockets.server:> Connection: Upgrade
DEBUG:websockets.server:> Sec-WebSocket-Accept: 83d/AQXH3Qp+t90ohpuC7M6IUOE=
DEBUG:websockets.server:> Sec-WebSocket-Extensions: permessage-deflate; server_max_window_bits=12; client_max_window_bits=12
DEBUG:websockets.server:> Date: Wed, 12 Apr 2023 09:45:15 GMT
DEBUG:websockets.server:> Server: Python/3.11 websockets/11.0
INFO:websockets.server:connection open
DEBUG:websockets.server:= connection is OPEN
INFO:root:[34mconnected:/icon[0m
DEBUG:websockets.server:= connection is CONNECTING
DEBUG:websockets.server:< GET /playerName HTTP/1.1
DEBUG:websockets.server:< Host: localhost:8001
DEBUG:websockets.server:< Connection: Upgrade
DEBUG:websockets.server:< Pragma: no-cache
DEBUG:websockets.server:< Cache-Control: no-cache
DEBUG:websockets.server:< User-Agent: Mozilla/5.0 (Windows NT 10.0; Win64; x64) AppleWebKit/537.36 (KHTML, like Gecko) Chrome/112.0.0.0 Safari/537.36
DEBUG:websockets.server:< Upgrade: websocket
DEBUG:websockets.server:< Origin: null
DEBUG:websockets.server:< Sec-WebSocket-Version: 13
DEBUG:websockets.server:< Accept-Encoding: gzip, deflate, br
DEBUG:websockets.server:< Accept-Language: ja,en-US;q=0.9,en;q=0.8
DEBUG:websockets.server:< Sec-WebSocket-Key: 1cWz3AeC+z2mFcDErgkAjg==
DEBUG:websockets.server:< Sec-WebSocket-Extensions: permessage-deflate; client_max_window_bits
DEBUG:websockets.server:> HTTP/1.1 101 Switching Protocols
DEBUG:websockets.server:> Upgrade: websocket
DEBUG:websockets.server:> Connection: Upgrade
DEBUG:websockets.server:> Sec-WebSocket-Accept: aEnKVNwrM7pKdaabSgmk215zj9E=
DEBUG:websockets.server:> Sec-WebSocket-Extensions: permessage-deflate; server_max_window_bits=12; client_max_window_bits=12
DEBUG:websockets.server:> Date: Wed, 12 Apr 2023 09:45:30 GMT
DEBUG:websockets.server:> Server: Python/3.11 websockets/11.0
INFO:websockets.server:connection open
DEBUG:websockets.server:= connection is OPEN
INFO:root:[34mconnected:/playerName[0m
DEBUG:websockets.server:= connection is CONNECTING
DEBUG:websockets.server:< GET /score HTTP/1.1
DEBUG:websockets.server:< Host: localhost:8001
DEBUG:websockets.server:< Connection: Upgrade
DEBUG:websockets.server:< Pragma: no-cache
DEBUG:websockets.server:< Cache-Control: no-cache
DEBUG:websockets.server:< User-Agent: Mozilla/5.0 (Windows NT 10.0; Win64; x64) AppleWebKit/537.36 (KHTML, like Gecko) Chrome/112.0.0.0 Safari/537.36
DEBUG:websockets.server:< Upgrade: websocket
DEBUG:websockets.server:< Origin: null
DEBUG:websockets.server:< Sec-WebSocket-Version: 13
DEBUG:websockets.server:< Accept-Encoding: gzip, deflate, br
DEBUG:websockets.server:< Accept-Language: ja,en-US;q=0.9,en;q=0.8
DEBUG:websockets.server:< Sec-WebSocket-Key: JLrs+w5M3xDwB0yQ24wsGw==
DEBUG:websockets.server:< Sec-WebSocket-Extensions: permessage-deflate; client_max_window_bits
DEBUG:websockets.server:> HTTP/1.1 101 Switching Protocols
DEBUG:websockets.server:> Upgrade: websocket
DEBUG:websockets.server:> Connection: Upgrade
DEBUG:websockets.server:> Sec-WebSocket-Accept: 8JNWwHkwsIKf5Nr1Klk6uKcd0Hk=
DEBUG:websockets.server:> Sec-WebSocket-Extensions: permessage-deflate; server_max_window_bits=12; client_max_window_bits=12
DEBUG:websockets.server:> Date: Wed, 12 Apr 2023 09:45:32 GMT
DEBUG:websockets.server:> Server: Python/3.11 websockets/11.0
INFO:websockets.server:connection open
DEBUG:websockets.server:= connection is OPEN
INFO:root:[34mconnected:/score[0m
DEBUG:websockets.server:% sending keepalive ping
DEBUG:websockets.server:> PING 68 65 d7 46 [binary, 4 bytes]
DEBUG:websockets.server:< PONG 68 65 d7 46 [binary, 4 bytes]
DEBUG:websockets.server:% received keepalive pong
DEBUG:websockets.server:= connection is CONNECTING
DEBUG:websockets.server:< GET /transition HTTP/1.1
DEBUG:websockets.server:< Host: localhost:8001
DEBUG:websockets.server:< Connection: Upgrade
DEBUG:websockets.server:< Pragma: no-cache
DEBUG:websockets.server:< Cache-Control: no-cache
DEBUG:websockets.server:< User-Agent: Mozilla/5.0 (Windows NT 10.0; Win64; x64) AppleWebKit/537.36 (KHTML, like Gecko) Chrome/112.0.0.0 Safari/537.36
DEBUG:websockets.server:< Upgrade: websocket
DEBUG:websockets.server:< Origin: null
DEBUG:websockets.server:< Sec-WebSocket-Version: 13
DEBUG:websockets.server:< Accept-Encoding: gzip, deflate, br
DEBUG:websockets.server:< Accept-Language: ja,en-US;q=0.9,en;q=0.8
DEBUG:websockets.server:< Sec-WebSocket-Key: S5N0KCWFMzGnsIRYL4LzTQ==
DEBUG:websockets.server:< Sec-WebSocket-Extensions: permessage-deflate; client_max_window_bits
DEBUG:websockets.server:> HTTP/1.1 101 Switching Protocols
DEBUG:websockets.server:> Upgrade: websocket
DEBUG:websockets.server:> Connection: Upgrade
DEBUG:websockets.server:> Sec-WebSocket-Accept: RKvWiV8+rUk/cYA1bqGsUlvhnhM=
DEBUG:websockets.server:> Sec-WebSocket-Extensions: permessage-deflate; server_max_window_bits=12; client_max_window_bits=12
DEBUG:websockets.server:> Date: Wed, 12 Apr 2023 09:45:35 GMT
DEBUG:websockets.server:> Server: Python/3.11 websockets/11.0
INFO:websockets.server:connection open
DEBUG:websockets.server:= connection is OPEN
INFO:root:[34mconnected:/transition[0m
DEBUG:websockets.server:% sending keepalive ping
DEBUG:websockets.server:> PING d9 8b e1 c3 [binary, 4 bytes]
DEBUG:websockets.server:< PONG d9 8b e1 c3 [binary, 4 bytes]
DEBUG:websockets.server:% received keepalive pong
DEBUG:websockets.server:% sending keepalive ping
DEBUG:websockets.server:> PING 21 e6 75 25 [binary, 4 bytes]
DEBUG:websockets.server:< PONG 21 e6 75 25 [binary, 4 bytes]
DEBUG:websockets.server:% received keepalive pong
DEBUG:websockets.server:% sending keepalive ping
DEBUG:websockets.server:> PING e3 60 53 57 [binary, 4 bytes]
DEBUG:websockets.server:< PONG e3 60 53 57 [binary, 4 bytes]
DEBUG:websockets.server:% received keepalive pong
DEBUG:websockets.server:% sending keepalive ping
DEBUG:websockets.server:> PING '8a\x8a' [text, 4 bytes]
DEBUG:websockets.server:< PONG '8a\x8a' [text, 4 bytes]
DEBUG:websockets.server:% received keepalive pong
DEBUG:websockets.server:% sending keepalive ping
DEBUG:websockets.server:> PING 7a 91 5e 73 [binary, 4 bytes]
DEBUG:websockets.server:< PONG 7a 91 5e 73 [binary, 4 bytes]
DEBUG:websockets.server:% received keepalive pong
DEBUG:websockets.server:% sending keepalive ping
DEBUG:websockets.server:> PING 1b e5 76 5c [binary, 4 bytes]
DEBUG:websockets.server:< PONG 1b e5 76 5c [binary, 4 bytes]
DEBUG:websockets.server:% received keepalive pong
DEBUG:websockets.server:% sending keepalive ping
DEBUG:websockets.server:> PING 07 7f 36 ab [binary, 4 bytes]
DEBUG:websockets.server:< PONG 07 7f 36 ab [binary, 4 bytes]
DEBUG:websockets.server:% received keepalive pong
DEBUG:websockets.server:% sending keepalive ping
DEBUG:websockets.server:> PING '\x1c%\x06\x17' [text, 4 bytes]
DEBUG:websockets.server:< PONG '\x1c%\x06\x17' [text, 4 bytes]
DEBUG:websockets.server:% received keepalive pong
DEBUG:websockets.server:% sending keepalive ping
DEBUG:websockets.server:> PING 15 c4 f2 6e [binary, 4 bytes]
DEBUG:websockets.server:< PONG 15 c4 f2 6e [binary, 4 bytes]
DEBUG:websockets.server:% received keepalive pong
DEBUG:websockets.server:% sending keepalive ping
DEBUG:websockets.server:> PING 2a 61 24 b7 [binary, 4 bytes]
DEBUG:websockets.server:< PONG 2a 61 24 b7 [binary, 4 bytes]
DEBUG:websockets.server:% received keepalive pong
DEBUG:websockets.server:% sending keepalive ping
DEBUG:websockets.server:> PING 3b b9 b3 66 [binary, 4 bytes]
DEBUG:websockets.server:< PONG 3b b9 b3 66 [binary, 4 bytes]
DEBUG:websockets.server:% received keepalive pong
DEBUG:websockets.server:% sending keepalive ping
DEBUG:websockets.server:> PING a2 9e bd a8 [binary, 4 bytes]
DEBUG:websockets.server:< PONG a2 9e bd a8 [binary, 4 bytes]
DEBUG:websockets.server:% received keepalive pong
DEBUG:asyncio:Using proactor: IocpProactor
INFO:root:[34msocket start[0m
INFO:root:[34mWebsocket start[0m
INFO:websockets.server:server listening on [::1]:8001
INFO:websockets.server:server listening on 127.0.0.1:8001
DEBUG:websockets.server:= connection is CONNECTING
DEBUG:websockets.server:< GET /transition HTTP/1.1
DEBUG:websockets.server:< Host: localhost:8001
DEBUG:websockets.server:< Connection: Upgrade
DEBUG:websockets.server:< Pragma: no-cache
DEBUG:websockets.server:< Cache-Control: no-cache
DEBUG:websockets.server:< User-Agent: Mozilla/5.0 (Windows NT 10.0; Win64; x64) AppleWebKit/537.36 (KHTML, like Gecko) Chrome/112.0.0.0 Safari/537.36
DEBUG:websockets.server:< Upgrade: websocket
DEBUG:websockets.server:< Origin: null
DEBUG:websockets.server:< Sec-WebSocket-Version: 13
DEBUG:websockets.server:< Accept-Encoding: gzip, deflate, br
DEBUG:websockets.server:< Accept-Language: ja,en-US;q=0.9,en;q=0.8
DEBUG:websockets.server:< Sec-WebSocket-Key: WrvkK+IhVWtK05jQXHJjlg==
DEBUG:websockets.server:< Sec-WebSocket-Extensions: permessage-deflate; client_max_window_bits
DEBUG:websockets.server:> HTTP/1.1 101 Switching Protocols
DEBUG:websockets.server:> Upgrade: websocket
DEBUG:websockets.server:> Connection: Upgrade
DEBUG:websockets.server:> Sec-WebSocket-Accept: WinCtUMzE3tnXc//PHdoMJUgA4o=
DEBUG:websockets.server:> Sec-WebSocket-Extensions: permessage-deflate; server_max_window_bits=12; client_max_window_bits=12
DEBUG:websockets.server:> Date: Wed, 12 Apr 2023 09:48:18 GMT
DEBUG:websockets.server:> Server: Python/3.11 websockets/11.0
INFO:websockets.server:connection open
DEBUG:websockets.server:= connection is OPEN
INFO:root:[34mconnected:/transition[0m
DEBUG:websockets.server:= connection is CONNECTING
DEBUG:websockets.server:< GET /score HTTP/1.1
DEBUG:websockets.server:< Host: localhost:8001
DEBUG:websockets.server:< Connection: Upgrade
DEBUG:websockets.server:< Pragma: no-cache
DEBUG:websockets.server:< Cache-Control: no-cache
DEBUG:websockets.server:< User-Agent: Mozilla/5.0 (Windows NT 10.0; Win64; x64) AppleWebKit/537.36 (KHTML, like Gecko) Chrome/112.0.0.0 Safari/537.36
DEBUG:websockets.server:< Upgrade: websocket
DEBUG:websockets.server:< Origin: null
DEBUG:websockets.server:< Sec-WebSocket-Version: 13
DEBUG:websockets.server:< Accept-Encoding: gzip, deflate, br
DEBUG:websockets.server:< Accept-Language: ja,en-US;q=0.9,en;q=0.8
DEBUG:websockets.server:< Sec-WebSocket-Key: 5o9Rqg4mZQdsKHe3I3OYJA==
DEBUG:websockets.server:< Sec-WebSocket-Extensions: permessage-deflate; client_max_window_bits
DEBUG:websockets.server:> HTTP/1.1 101 Switching Protocols
DEBUG:websockets.server:> Upgrade: websocket
DEBUG:websockets.server:> Connection: Upgrade
DEBUG:websockets.server:> Sec-WebSocket-Accept: 2lACQwfQhIJRTM4FpYpVLd6Scmo=
DEBUG:websockets.server:> Sec-WebSocket-Extensions: permessage-deflate; server_max_window_bits=12; client_max_window_bits=12
DEBUG:websockets.server:> Date: Wed, 12 Apr 2023 09:48:23 GMT
DEBUG:websockets.server:> Server: Python/3.11 websockets/11.0
INFO:websockets.server:connection open
DEBUG:websockets.server:= connection is OPEN
INFO:root:[34mconnected:/score[0m
DEBUG:websockets.server:= connection is CONNECTING
DEBUG:websockets.server:< GET /playerName HTTP/1.1
DEBUG:websockets.server:< Host: localhost:8001
DEBUG:websockets.server:< Connection: Upgrade
DEBUG:websockets.server:< Pragma: no-cache
DEBUG:websockets.server:< Cache-Control: no-cache
DEBUG:websockets.server:< User-Agent: Mozilla/5.0 (Windows NT 10.0; Win64; x64) AppleWebKit/537.36 (KHTML, like Gecko) Chrome/112.0.0.0 Safari/537.36
DEBUG:websockets.server:< Upgrade: websocket
DEBUG:websockets.server:< Origin: null
DEBUG:websockets.server:< Sec-WebSocket-Version: 13
DEBUG:websockets.server:< Accept-Encoding: gzip, deflate, br
DEBUG:websockets.server:< Accept-Language: ja,en-US;q=0.9,en;q=0.8
DEBUG:websockets.server:< Sec-WebSocket-Key: yz62g/uhz2eW7V8F/KQO5w==
DEBUG:websockets.server:< Sec-WebSocket-Extensions: permessage-deflate; client_max_window_bits
DEBUG:websockets.server:> HTTP/1.1 101 Switching Protocols
DEBUG:websockets.server:> Upgrade: websocket
DEBUG:websockets.server:> Connection: Upgrade
DEBUG:websockets.server:> Sec-WebSocket-Accept: Bc9NRbj3+BTGyH4j1KkfI5o76io=
DEBUG:websockets.server:> Sec-WebSocket-Extensions: permessage-deflate; server_max_window_bits=12; client_max_window_bits=12
DEBUG:websockets.server:> Date: Wed, 12 Apr 2023 09:48:24 GMT
DEBUG:websockets.server:> Server: Python/3.11 websockets/11.0
INFO:websockets.server:connection open
DEBUG:websockets.server:= connection is OPEN
INFO:root:[34mconnected:/playerName[0m
DEBUG:websockets.server:= connection is CONNECTING
DEBUG:websockets.server:< GET /icon HTTP/1.1
DEBUG:websockets.server:< Host: localhost:8001
DEBUG:websockets.server:< Connection: Upgrade
DEBUG:websockets.server:< Pragma: no-cache
DEBUG:websockets.server:< Cache-Control: no-cache
DEBUG:websockets.server:< User-Agent: Mozilla/5.0 (Windows NT 10.0; Win64; x64) AppleWebKit/537.36 (KHTML, like Gecko) Chrome/112.0.0.0 Safari/537.36
DEBUG:websockets.server:< Upgrade: websocket
DEBUG:websockets.server:< Origin: null
DEBUG:websockets.server:< Sec-WebSocket-Version: 13
DEBUG:websockets.server:< Accept-Encoding: gzip, deflate, br
DEBUG:websockets.server:< Accept-Language: ja,en-US;q=0.9,en;q=0.8
DEBUG:websockets.server:< Sec-WebSocket-Key: IdYKPebgbgZwRvehBFlPrg==
DEBUG:websockets.server:< Sec-WebSocket-Extensions: permessage-deflate; client_max_window_bits
DEBUG:websockets.server:> HTTP/1.1 101 Switching Protocols
DEBUG:websockets.server:> Upgrade: websocket
DEBUG:websockets.server:> Connection: Upgrade
DEBUG:websockets.server:> Sec-WebSocket-Accept: a3NOu1hy1ny27HHZqwao003qjVU=
DEBUG:websockets.server:> Sec-WebSocket-Extensions: permessage-deflate; server_max_window_bits=12; client_max_window_bits=12
DEBUG:websockets.server:> Date: Wed, 12 Apr 2023 09:48:26 GMT
DEBUG:websockets.server:> Server: Python/3.11 websockets/11.0
INFO:websockets.server:connection open
DEBUG:websockets.server:= connection is OPEN
INFO:root:[34mconnected:/icon[0m
DEBUG:websockets.server:% sending keepalive ping
DEBUG:websockets.server:> PING b0 cb b6 f8 [binary, 4 bytes]
DEBUG:websockets.server:< PONG b0 cb b6 f8 [binary, 4 bytes]
DEBUG:websockets.server:% received keepalive pong
DEBUG:websockets.server:% sending keepalive ping
DEBUG:websockets.server:> PING ea 6f e4 4f [binary, 4 bytes]
DEBUG:websockets.server:< PONG ea 6f e4 4f [binary, 4 bytes]
DEBUG:websockets.server:% received keepalive pong
DEBUG:websockets.server:% sending keepalive ping
DEBUG:websockets.server:> PING 36 d9 1b 25 [binary, 4 bytes]
DEBUG:websockets.server:< PONG 36 d9 1b 25 [binary, 4 bytes]
DEBUG:websockets.server:% received keepalive pong
DEBUG:websockets.server:% sending keepalive ping
DEBUG:websockets.server:> PING e9 24 04 39 [binary, 4 bytes]
DEBUG:websockets.server:< PONG e9 24 04 39 [binary, 4 bytes]
DEBUG:websockets.server:% received keepalive pong
DEBUG:websockets.server:% sending keepalive ping
DEBUG:websockets.server:> PING c0 30 e6 6c [binary, 4 bytes]
DEBUG:websockets.server:< PONG c0 30 e6 6c [binary, 4 bytes]
DEBUG:websockets.server:% received keepalive pong
DEBUG:websockets.server:% sending keepalive ping
DEBUG:websockets.server:> PING '\u3a79>' [text, 4 bytes]
DEBUG:websockets.server:< PONG '\u3a79>' [text, 4 bytes]
DEBUG:websockets.server:% received keepalive pong
DEBUG:websockets.server:% sending keepalive ping
DEBUG:websockets.server:> PING 44 c8 37 2b [binary, 4 bytes]
DEBUG:websockets.server:< PONG 44 c8 37 2b [binary, 4 bytes]
DEBUG:websockets.server:% received keepalive pong
DEBUG:websockets.server:% sending keepalive ping
DEBUG:websockets.server:> PING 49 ea f7 19 [binary, 4 bytes]
DEBUG:websockets.server:< PONG 49 ea f7 19 [binary, 4 bytes]
DEBUG:websockets.server:% received keepalive pong
DEBUG:websockets.server:% sending keepalive ping
DEBUG:websockets.server:> PING f7 4b 49 b4 [binary, 4 bytes]
DEBUG:websockets.server:< PONG f7 4b 49 b4 [binary, 4 bytes]
DEBUG:websockets.server:% received keepalive pong
DEBUG:websockets.server:% sending keepalive ping
DEBUG:websockets.server:> PING 64 df 9e e6 [binary, 4 bytes]
DEBUG:websockets.server:< PONG 64 df 9e e6 [binary, 4 bytes]
DEBUG:websockets.server:% received keepalive pong
DEBUG:websockets.server:% sending keepalive ping
DEBUG:websockets.server:> PING 73 90 e5 95 [binary, 4 bytes]
DEBUG:websockets.server:< PONG 73 90 e5 95 [binary, 4 bytes]
DEBUG:websockets.server:% received keepalive pong
DEBUG:websockets.server:% sending keepalive ping
DEBUG:websockets.server:> PING 6f 0b 6e cf [binary, 4 bytes]
DEBUG:websockets.server:< PONG 6f 0b 6e cf [binary, 4 bytes]
DEBUG:websockets.server:% received keepalive pong
DEBUG:websockets.server:% sending keepalive ping
DEBUG:websockets.server:> PING b9 84 8d 90 [binary, 4 bytes]
DEBUG:websockets.server:< PONG b9 84 8d 90 [binary, 4 bytes]
DEBUG:websockets.server:% received keepalive pong
DEBUG:websockets.server:% sending keepalive ping
DEBUG:websockets.server:> PING ba c6 82 77 [binary, 4 bytes]
DEBUG:websockets.server:< PONG ba c6 82 77 [binary, 4 bytes]
DEBUG:websockets.server:% received keepalive pong
DEBUG:websockets.server:% sending keepalive ping
DEBUG:websockets.server:> PING 99 a5 c8 8a [binary, 4 bytes]
DEBUG:websockets.server:< PONG 99 a5 c8 8a [binary, 4 bytes]
DEBUG:websockets.server:% received keepalive pong
DEBUG:websockets.server:% sending keepalive ping
DEBUG:websockets.server:> PING 'sDK\x10' [text, 4 bytes]
DEBUG:websockets.server:< PONG 'sDK\x10' [text, 4 bytes]
DEBUG:websockets.server:% received keepalive pong
DEBUG:websockets.server:% sending keepalive ping
DEBUG:websockets.server:> PING 1e 22 7e ea [binary, 4 bytes]
DEBUG:websockets.server:< PONG 1e 22 7e ea [binary, 4 bytes]
DEBUG:websockets.server:% received keepalive pong
DEBUG:websockets.server:% sending keepalive ping
DEBUG:websockets.server:> PING f9 f4 01 02 [binary, 4 bytes]
DEBUG:websockets.server:< PONG f9 f4 01 02 [binary, 4 bytes]
DEBUG:websockets.server:% received keepalive pong
DEBUG:websockets.server:% sending keepalive ping
DEBUG:websockets.server:> PING 'p\x06\ni' [text, 4 bytes]
DEBUG:websockets.server:< PONG 'p\x06\ni' [text, 4 bytes]
DEBUG:websockets.server:% received keepalive pong
DEBUG:websockets.server:% sending keepalive ping
DEBUG:websockets.server:> PING d6 ef 24 65 [binary, 4 bytes]
DEBUG:websockets.server:< PONG d6 ef 24 65 [binary, 4 bytes]
DEBUG:websockets.server:% received keepalive pong
DEBUG:websockets.server:% sending keepalive ping
DEBUG:websockets.server:> PING b9 9a 9e 68 [binary, 4 bytes]
DEBUG:websockets.server:< PONG b9 9a 9e 68 [binary, 4 bytes]
DEBUG:websockets.server:% received keepalive pong
DEBUG:websockets.server:% sending keepalive ping
DEBUG:websockets.server:> PING 0e 24 b0 b7 [binary, 4 bytes]
DEBUG:websockets.server:< PONG 0e 24 b0 b7 [binary, 4 bytes]
DEBUG:websockets.server:% received keepalive pong
DEBUG:websockets.server:% sending keepalive ping
DEBUG:websockets.server:> PING b1 ef 61 38 [binary, 4 bytes]
DEBUG:websockets.server:< PONG b1 ef 61 38 [binary, 4 bytes]
DEBUG:websockets.server:% received keepalive pong
DEBUG:websockets.server:% sending keepalive ping
DEBUG:websockets.server:> PING f3 b8 a8 3e [binary, 4 bytes]
DEBUG:websockets.server:< PONG f3 b8 a8 3e [binary, 4 bytes]
DEBUG:websockets.server:% received keepalive pong
DEBUG:websockets.server:% sending keepalive ping
DEBUG:websockets.server:> PING b4 83 37 aa [binary, 4 bytes]
DEBUG:websockets.server:< PONG b4 83 37 aa [binary, 4 bytes]
DEBUG:websockets.server:% received keepalive pong
DEBUG:websockets.server:% sending keepalive ping
DEBUG:websockets.server:> PING 61 c9 af f6 [binary, 4 bytes]
DEBUG:websockets.server:< PONG 61 c9 af f6 [binary, 4 bytes]
DEBUG:websockets.server:% received keepalive pong
DEBUG:websockets.server:% sending keepalive ping
DEBUG:websockets.server:> PING f3 27 61 d5 [binary, 4 bytes]
DEBUG:websockets.server:< PONG f3 27 61 d5 [binary, 4 bytes]
DEBUG:websockets.server:% received keepalive pong
DEBUG:websockets.server:% sending keepalive ping
DEBUG:websockets.server:> PING 95 02 2c 91 [binary, 4 bytes]
DEBUG:websockets.server:< PONG 95 02 2c 91 [binary, 4 bytes]
DEBUG:websockets.server:% received keepalive pong
DEBUG:websockets.server:% sending keepalive ping
DEBUG:websockets.server:> PING 58 00 ee 32 [binary, 4 bytes]
DEBUG:websockets.server:< PONG 58 00 ee 32 [binary, 4 bytes]
DEBUG:websockets.server:% received keepalive pong
DEBUG:websockets.server:% sending keepalive ping
DEBUG:websockets.server:> PING 'jJKi' [text, 4 bytes]
DEBUG:websockets.server:< PONG 'jJKi' [text, 4 bytes]
DEBUG:websockets.server:% received keepalive pong
DEBUG:websockets.server:% sending keepalive ping
DEBUG:websockets.server:> PING 89 b8 b2 49 [binary, 4 bytes]
DEBUG:websockets.server:< PONG 89 b8 b2 49 [binary, 4 bytes]
DEBUG:websockets.server:% received keepalive pong
DEBUG:websockets.server:% sending keepalive ping
DEBUG:websockets.server:> PING 1c b6 b4 d7 [binary, 4 bytes]
DEBUG:websockets.server:< PONG 1c b6 b4 d7 [binary, 4 bytes]
DEBUG:websockets.server:% received keepalive pong
DEBUG:websockets.server:% sending keepalive ping
DEBUG:websockets.server:> PING c9 c7 d3 66 [binary, 4 bytes]
DEBUG:websockets.server:< PONG c9 c7 d3 66 [binary, 4 bytes]
DEBUG:websockets.server:% received keepalive pong
DEBUG:websockets.server:% sending keepalive ping
DEBUG:websockets.server:> PING 6f 99 e0 49 [binary, 4 bytes]
DEBUG:websockets.server:< PONG 6f 99 e0 49 [binary, 4 bytes]
DEBUG:websockets.server:% received keepalive pong
DEBUG:websockets.server:% sending keepalive ping
DEBUG:websockets.server:> PING 'Mu1u' [text, 4 bytes]
DEBUG:websockets.server:< PONG 'Mu1u' [text, 4 bytes]
DEBUG:websockets.server:% received keepalive pong
DEBUG:websockets.server:% sending keepalive ping
DEBUG:websockets.server:> PING d8 6c b1 11 [binary, 4 bytes]
DEBUG:websockets.server:< PONG d8 6c b1 11 [binary, 4 bytes]
DEBUG:websockets.server:% received keepalive pong
DEBUG:websockets.server:% sending keepalive ping
DEBUG:websockets.server:> PING 2f 57 c1 9f [binary, 4 bytes]
DEBUG:websockets.server:< PONG 2f 57 c1 9f [binary, 4 bytes]
DEBUG:websockets.server:% received keepalive pong
DEBUG:websockets.server:% sending keepalive ping
DEBUG:websockets.server:> PING 13 01 f8 e6 [binary, 4 bytes]
DEBUG:websockets.server:< PONG 13 01 f8 e6 [binary, 4 bytes]
DEBUG:websockets.server:% received keepalive pong
DEBUG:websockets.server:% sending keepalive ping
DEBUG:websockets.server:> PING 5b d4 c8 cd [binary, 4 bytes]
DEBUG:websockets.server:< PONG 5b d4 c8 cd [binary, 4 bytes]
DEBUG:websockets.server:% received keepalive pong
DEBUG:websockets.server:% sending keepalive ping
DEBUG:websockets.server:> PING 03 5a b9 94 [binary, 4 bytes]
DEBUG:websockets.server:< PONG 03 5a b9 94 [binary, 4 bytes]
DEBUG:websockets.server:% received keepalive pong
DEBUG:websockets.server:% sending keepalive ping
DEBUG:websockets.server:> PING 'cbR\n' [text, 4 bytes]
DEBUG:websockets.server:< PONG 'cbR\n' [text, 4 bytes]
DEBUG:websockets.server:% received keepalive pong
DEBUG:websockets.server:% sending keepalive ping
DEBUG:websockets.server:> PING 19 79 be b6 [binary, 4 bytes]
DEBUG:websockets.server:< PONG 19 79 be b6 [binary, 4 bytes]
DEBUG:websockets.server:% received keepalive pong
DEBUG:websockets.server:% sending keepalive ping
DEBUG:websockets.server:> PING 2c 96 e3 b8 [binary, 4 bytes]
DEBUG:websockets.server:< PONG 2c 96 e3 b8 [binary, 4 bytes]
DEBUG:websockets.server:% received keepalive pong
DEBUG:websockets.server:% sending keepalive ping
DEBUG:websockets.server:> PING 06 11 e6 08 [binary, 4 bytes]
DEBUG:websockets.server:< PONG 06 11 e6 08 [binary, 4 bytes]
DEBUG:websockets.server:% received keepalive pong
DEBUG:websockets.server:% sending keepalive ping
DEBUG:websockets.server:> PING 't\x00|\x11' [text, 4 bytes]
DEBUG:websockets.server:< PONG 't\x00|\x11' [text, 4 bytes]
DEBUG:websockets.server:% received keepalive pong
DEBUG:websockets.server:% sending keepalive ping
DEBUG:websockets.server:> PING a4 9b 77 90 [binary, 4 bytes]
DEBUG:websockets.server:< PONG a4 9b 77 90 [binary, 4 bytes]
DEBUG:websockets.server:% received keepalive pong
DEBUG:websockets.server:% sending keepalive ping
DEBUG:websockets.server:> PING d7 e3 c9 54 [binary, 4 bytes]
DEBUG:websockets.server:< PONG d7 e3 c9 54 [binary, 4 bytes]
DEBUG:websockets.server:% received keepalive pong
DEBUG:websockets.server:% sending keepalive ping
DEBUG:websockets.server:> PING '\tw\u02bd' [text, 4 bytes]
DEBUG:websockets.server:< PONG '\tw\u02bd' [text, 4 bytes]
DEBUG:websockets.server:% received keepalive pong
DEBUG:websockets.server:% sending keepalive ping
DEBUG:websockets.server:> PING de 2a 47 9b [binary, 4 bytes]
DEBUG:websockets.server:< PONG de 2a 47 9b [binary, 4 bytes]
DEBUG:websockets.server:% received keepalive pong
DEBUG:websockets.server:% sending keepalive ping
DEBUG:websockets.server:> PING c1 6e c8 3b [binary, 4 bytes]
DEBUG:websockets.server:< PONG c1 6e c8 3b [binary, 4 bytes]
DEBUG:websockets.server:% received keepalive pong
DEBUG:websockets.server:% sending keepalive ping
DEBUG:websockets.server:> PING fa 16 96 ff [binary, 4 bytes]
DEBUG:websockets.server:< PONG fa 16 96 ff [binary, 4 bytes]
DEBUG:websockets.server:% received keepalive pong
DEBUG:websockets.server:% sending keepalive ping
DEBUG:websockets.server:> PING c1 8b 72 19 [binary, 4 bytes]
DEBUG:websockets.server:< PONG c1 8b 72 19 [binary, 4 bytes]
DEBUG:websockets.server:% received keepalive pong
DEBUG:websockets.server:% sending keepalive ping
DEBUG:websockets.server:> PING 18 3e 33 89 [binary, 4 bytes]
DEBUG:websockets.server:< PONG 18 3e 33 89 [binary, 4 bytes]
DEBUG:websockets.server:% received keepalive pong
DEBUG:websockets.server:% sending keepalive ping
DEBUG:websockets.server:> PING 3b 03 9d 1a [binary, 4 bytes]
DEBUG:websockets.server:< PONG 3b 03 9d 1a [binary, 4 bytes]
DEBUG:websockets.server:% received keepalive pong
DEBUG:websockets.server:% sending keepalive ping
DEBUG:websockets.server:> PING 88 60 bc 69 [binary, 4 bytes]
DEBUG:websockets.server:< PONG 88 60 bc 69 [binary, 4 bytes]
DEBUG:websockets.server:% received keepalive pong
DEBUG:websockets.server:% sending keepalive ping
DEBUG:websockets.server:> PING 12 a5 19 c7 [binary, 4 bytes]
DEBUG:websockets.server:< PONG 12 a5 19 c7 [binary, 4 bytes]
DEBUG:websockets.server:% received keepalive pong
DEBUG:websockets.server:% sending keepalive ping
DEBUG:websockets.server:> PING f8 ce 47 08 [binary, 4 bytes]
DEBUG:websockets.server:< PONG f8 ce 47 08 [binary, 4 bytes]
DEBUG:websockets.server:% received keepalive pong
DEBUG:websockets.server:% sending keepalive ping
DEBUG:websockets.server:> PING 6e fe 10 fe [binary, 4 bytes]
DEBUG:websockets.server:< PONG 6e fe 10 fe [binary, 4 bytes]
DEBUG:websockets.server:% received keepalive pong
DEBUG:websockets.server:% sending keepalive ping
DEBUG:websockets.server:> PING be 8e 44 93 [binary, 4 bytes]
DEBUG:websockets.server:< PONG be 8e 44 93 [binary, 4 bytes]
DEBUG:websockets.server:% received keepalive pong
DEBUG:websockets.server:% sending keepalive ping
DEBUG:websockets.server:> PING ee 9b c4 5c [binary, 4 bytes]
DEBUG:websockets.server:< PONG ee 9b c4 5c [binary, 4 bytes]
DEBUG:websockets.server:% received keepalive pong
DEBUG:websockets.server:% sending keepalive ping
DEBUG:websockets.server:> PING b2 0f a9 e7 [binary, 4 bytes]
DEBUG:websockets.server:< PONG b2 0f a9 e7 [binary, 4 bytes]
DEBUG:websockets.server:% received keepalive pong
DEBUG:websockets.server:% sending keepalive ping
DEBUG:websockets.server:> PING '\x03WH1' [text, 4 bytes]
DEBUG:websockets.server:< PONG '\x03WH1' [text, 4 bytes]
DEBUG:websockets.server:% received keepalive pong
DEBUG:websockets.server:% sending keepalive ping
DEBUG:websockets.server:> PING 99 9f c9 60 [binary, 4 bytes]
DEBUG:websockets.server:< PONG 99 9f c9 60 [binary, 4 bytes]
DEBUG:websockets.server:% received keepalive pong
DEBUG:websockets.server:% sending keepalive ping
DEBUG:websockets.server:> PING 13 ba 51 58 [binary, 4 bytes]
DEBUG:websockets.server:< PONG 13 ba 51 58 [binary, 4 bytes]
DEBUG:websockets.server:% received keepalive pong
DEBUG:websockets.server:% sending keepalive ping
DEBUG:websockets.server:> PING 74 f3 f1 a4 [binary, 4 bytes]
DEBUG:websockets.server:< PONG 74 f3 f1 a4 [binary, 4 bytes]
DEBUG:websockets.server:% received keepalive pong
DEBUG:websockets.server:% sending keepalive ping
DEBUG:websockets.server:> PING 94 88 78 aa [binary, 4 bytes]
DEBUG:websockets.server:< PONG 94 88 78 aa [binary, 4 bytes]
DEBUG:websockets.server:% received keepalive pong
DEBUG:websockets.server:% sending keepalive ping
DEBUG:websockets.server:> PING b6 04 aa f0 [binary, 4 bytes]
DEBUG:websockets.server:< PONG b6 04 aa f0 [binary, 4 bytes]
DEBUG:websockets.server:% received keepalive pong
DEBUG:websockets.server:% sending keepalive ping
DEBUG:websockets.server:> PING 2b d6 61 9f [binary, 4 bytes]
DEBUG:websockets.server:< PONG 2b d6 61 9f [binary, 4 bytes]
DEBUG:websockets.server:% received keepalive pong
DEBUG:websockets.server:% sending keepalive ping
DEBUG:websockets.server:> PING 4d 78 6d f1 [binary, 4 bytes]
DEBUG:websockets.server:< PONG 4d 78 6d f1 [binary, 4 bytes]
DEBUG:websockets.server:% received keepalive pong
DEBUG:websockets.server:% sending keepalive ping
DEBUG:websockets.server:> PING b2 8b 76 17 [binary, 4 bytes]
DEBUG:websockets.server:< PONG b2 8b 76 17 [binary, 4 bytes]
DEBUG:websockets.server:% received keepalive pong
DEBUG:websockets.server:% sending keepalive ping
DEBUG:websockets.server:> PING 5f b4 49 3e [binary, 4 bytes]
DEBUG:websockets.server:< PONG 5f b4 49 3e [binary, 4 bytes]
DEBUG:websockets.server:% received keepalive pong
DEBUG:websockets.server:% sending keepalive ping
DEBUG:websockets.server:> PING 7d 20 33 c0 [binary, 4 bytes]
DEBUG:websockets.server:< PONG 7d 20 33 c0 [binary, 4 bytes]
DEBUG:websockets.server:% received keepalive pong
DEBUG:websockets.server:% sending keepalive ping
DEBUG:websockets.server:> PING 56 d2 95 e4 [binary, 4 bytes]
DEBUG:websockets.server:< PONG 56 d2 95 e4 [binary, 4 bytes]
DEBUG:websockets.server:% received keepalive pong
DEBUG:websockets.server:% sending keepalive ping
DEBUG:websockets.server:> PING 91 34 73 e4 [binary, 4 bytes]
DEBUG:websockets.server:< PONG 91 34 73 e4 [binary, 4 bytes]
DEBUG:websockets.server:% received keepalive pong
DEBUG:websockets.server:% sending keepalive ping
DEBUG:websockets.server:> PING '\x0b=Bb' [text, 4 bytes]
DEBUG:websockets.server:< PONG '\x0b=Bb' [text, 4 bytes]
DEBUG:websockets.server:% received keepalive pong
DEBUG:websockets.server:% sending keepalive ping
DEBUG:websockets.server:> PING 37 a6 45 0d [binary, 4 bytes]
DEBUG:websockets.server:< PONG 37 a6 45 0d [binary, 4 bytes]
DEBUG:websockets.server:% received keepalive pong
DEBUG:websockets.server:% sending keepalive ping
DEBUG:websockets.server:> PING '\x05O\x13x' [text, 4 bytes]
DEBUG:websockets.server:< PONG '\x05O\x13x' [text, 4 bytes]
DEBUG:websockets.server:% received keepalive pong
DEBUG:websockets.server:% sending keepalive ping
DEBUG:websockets.server:> PING d1 32 9c 79 [binary, 4 bytes]
DEBUG:websockets.server:< PONG d1 32 9c 79 [binary, 4 bytes]
DEBUG:websockets.server:% received keepalive pong
DEBUG:websockets.server:% sending keepalive ping
DEBUG:websockets.server:> PING 84 6f 03 b7 [binary, 4 bytes]
DEBUG:websockets.server:< PONG 84 6f 03 b7 [binary, 4 bytes]
DEBUG:websockets.server:% received keepalive pong
DEBUG:websockets.server:% sending keepalive ping
DEBUG:websockets.server:> PING 31 f4 20 42 [binary, 4 bytes]
DEBUG:websockets.server:< PONG 31 f4 20 42 [binary, 4 bytes]
DEBUG:websockets.server:% received keepalive pong
DEBUG:websockets.server:% sending keepalive ping
DEBUG:websockets.server:> PING a6 f9 0e 0c [binary, 4 bytes]
DEBUG:websockets.server:< PONG a6 f9 0e 0c [binary, 4 bytes]
DEBUG:websockets.server:% received keepalive pong
DEBUG:websockets.server:% sending keepalive ping
DEBUG:websockets.server:> PING ac 76 53 7e [binary, 4 bytes]
DEBUG:websockets.server:< PONG ac 76 53 7e [binary, 4 bytes]
DEBUG:websockets.server:% received keepalive pong
DEBUG:websockets.server:% sending keepalive ping
DEBUG:websockets.server:> PING b2 c4 a5 75 [binary, 4 bytes]
DEBUG:websockets.server:< PONG b2 c4 a5 75 [binary, 4 bytes]
DEBUG:websockets.server:% received keepalive pong
DEBUG:websockets.server:% sending keepalive ping
DEBUG:websockets.server:> PING 5a 52 be 45 [binary, 4 bytes]
DEBUG:websockets.server:< PONG 5a 52 be 45 [binary, 4 bytes]
DEBUG:websockets.server:% received keepalive pong
DEBUG:websockets.server:% sending keepalive ping
DEBUG:websockets.server:> PING d8 89 4b d1 [binary, 4 bytes]
DEBUG:websockets.server:< PONG d8 89 4b d1 [binary, 4 bytes]
DEBUG:websockets.server:% received keepalive pong
DEBUG:websockets.server:% sending keepalive ping
DEBUG:websockets.server:> PING '\\\x17~q' [text, 4 bytes]
DEBUG:websockets.server:< PONG '\\\x17~q' [text, 4 bytes]
DEBUG:websockets.server:% received keepalive pong
DEBUG:websockets.server:% sending keepalive ping
DEBUG:websockets.server:> PING f7 4e dd 57 [binary, 4 bytes]
DEBUG:websockets.server:< PONG f7 4e dd 57 [binary, 4 bytes]
DEBUG:websockets.server:% received keepalive pong
DEBUG:websockets.server:% sending keepalive ping
DEBUG:websockets.server:> PING 7f 1e c7 7e [binary, 4 bytes]
DEBUG:websockets.server:< PONG 7f 1e c7 7e [binary, 4 bytes]
DEBUG:websockets.server:% received keepalive pong
DEBUG:websockets.server:% sending keepalive ping
DEBUG:websockets.server:> PING b9 9b a7 01 [binary, 4 bytes]
DEBUG:websockets.server:< PONG b9 9b a7 01 [binary, 4 bytes]
DEBUG:websockets.server:% received keepalive pong
DEBUG:websockets.server:% sending keepalive ping
DEBUG:websockets.server:> PING 18 3b 7f dd [binary, 4 bytes]
DEBUG:websockets.server:< PONG 18 3b 7f dd [binary, 4 bytes]
DEBUG:websockets.server:% received keepalive pong
DEBUG:websockets.server:% sending keepalive ping
DEBUG:websockets.server:> PING e2 a2 cf 5a [binary, 4 bytes]
DEBUG:websockets.server:< PONG e2 a2 cf 5a [binary, 4 bytes]
DEBUG:websockets.server:% received keepalive pong
DEBUG:websockets.server:% sending keepalive ping
DEBUG:websockets.server:> PING 2f 98 b8 e9 [binary, 4 bytes]
DEBUG:websockets.server:< PONG 2f 98 b8 e9 [binary, 4 bytes]
DEBUG:websockets.server:% received keepalive pong
DEBUG:websockets.server:% sending keepalive ping
DEBUG:websockets.server:> PING 59 3b 72 ad [binary, 4 bytes]
DEBUG:websockets.server:< PONG 59 3b 72 ad [binary, 4 bytes]
DEBUG:websockets.server:% received keepalive pong
DEBUG:websockets.server:% sending keepalive ping
DEBUG:websockets.server:> PING 8e 4e 8f 83 [binary, 4 bytes]
DEBUG:websockets.server:< PONG 8e 4e 8f 83 [binary, 4 bytes]
DEBUG:websockets.server:% received keepalive pong
DEBUG:websockets.server:% sending keepalive ping
DEBUG:websockets.server:> PING af 41 99 74 [binary, 4 bytes]
DEBUG:websockets.server:< PONG af 41 99 74 [binary, 4 bytes]
DEBUG:websockets.server:% received keepalive pong
DEBUG:websockets.server:% sending keepalive ping
DEBUG:websockets.server:> PING 14 04 96 4b [binary, 4 bytes]
DEBUG:websockets.server:< PONG 14 04 96 4b [binary, 4 bytes]
DEBUG:websockets.server:% received keepalive pong
DEBUG:websockets.server:% sending keepalive ping
DEBUG:websockets.server:> PING '\u0228\x16\x0b' [text, 4 bytes]
DEBUG:websockets.server:< PONG '\u0228\x16\x0b' [text, 4 bytes]
DEBUG:websockets.server:% received keepalive pong
DEBUG:websockets.server:% sending keepalive ping
DEBUG:websockets.server:> PING a4 4e 28 f7 [binary, 4 bytes]
DEBUG:websockets.server:< PONG a4 4e 28 f7 [binary, 4 bytes]
DEBUG:websockets.server:% received keepalive pong
DEBUG:websockets.server:% sending keepalive ping
DEBUG:websockets.server:> PING b3 10 33 d9 [binary, 4 bytes]
DEBUG:websockets.server:< PONG b3 10 33 d9 [binary, 4 bytes]
DEBUG:websockets.server:% received keepalive pong
DEBUG:websockets.server:% sending keepalive ping
DEBUG:websockets.server:> PING e4 57 e5 fa [binary, 4 bytes]
DEBUG:websockets.server:< PONG e4 57 e5 fa [binary, 4 bytes]
DEBUG:websockets.server:% received keepalive pong
DEBUG:websockets.server:% sending keepalive ping
DEBUG:websockets.server:> PING 24 a3 fc ca [binary, 4 bytes]
DEBUG:websockets.server:< PONG 24 a3 fc ca [binary, 4 bytes]
DEBUG:websockets.server:% received keepalive pong
DEBUG:websockets.server:% sending keepalive ping
DEBUG:websockets.server:> PING 8f 7b ed 3a [binary, 4 bytes]
DEBUG:websockets.server:< PONG 8f 7b ed 3a [binary, 4 bytes]
DEBUG:websockets.server:% received keepalive pong
DEBUG:websockets.server:% sending keepalive ping
DEBUG:websockets.server:> PING d8 a4 1f 84 [binary, 4 bytes]
DEBUG:websockets.server:< PONG d8 a4 1f 84 [binary, 4 bytes]
DEBUG:websockets.server:% received keepalive pong
DEBUG:websockets.server:% sending keepalive ping
DEBUG:websockets.server:> PING 17 16 81 48 [binary, 4 bytes]
DEBUG:websockets.server:< PONG 17 16 81 48 [binary, 4 bytes]
DEBUG:websockets.server:% received keepalive pong
DEBUG:websockets.server:% sending keepalive ping
DEBUG:websockets.server:> PING 68 a3 54 fe [binary, 4 bytes]
DEBUG:websockets.server:< PONG 68 a3 54 fe [binary, 4 bytes]
DEBUG:websockets.server:% received keepalive pong
DEBUG:websockets.server:% sending keepalive ping
DEBUG:websockets.server:> PING '\u0ee3\x0c' [text, 4 bytes]
DEBUG:websockets.server:< PONG '\u0ee3\x0c' [text, 4 bytes]
DEBUG:websockets.server:% received keepalive pong
DEBUG:websockets.server:% sending keepalive ping
DEBUG:websockets.server:> PING 7d 88 63 05 [binary, 4 bytes]
DEBUG:websockets.server:< PONG 7d 88 63 05 [binary, 4 bytes]
DEBUG:websockets.server:% received keepalive pong
DEBUG:websockets.server:% sending keepalive ping
DEBUG:websockets.server:> PING 64 3e 04 90 [binary, 4 bytes]
DEBUG:websockets.server:< PONG 64 3e 04 90 [binary, 4 bytes]
DEBUG:websockets.server:% received keepalive pong
DEBUG:websockets.server:% sending keepalive ping
DEBUG:websockets.server:> PING ad ba bf fa [binary, 4 bytes]
DEBUG:websockets.server:< PONG ad ba bf fa [binary, 4 bytes]
DEBUG:websockets.server:% received keepalive pong
DEBUG:websockets.server:% sending keepalive ping
DEBUG:websockets.server:> PING 8f b0 a7 28 [binary, 4 bytes]
DEBUG:websockets.server:< PONG 8f b0 a7 28 [binary, 4 bytes]
DEBUG:websockets.server:% received keepalive pong
DEBUG:websockets.server:% sending keepalive ping
DEBUG:websockets.server:> PING 4c d2 31 e6 [binary, 4 bytes]
DEBUG:websockets.server:< PONG 4c d2 31 e6 [binary, 4 bytes]
DEBUG:websockets.server:% received keepalive pong
DEBUG:websockets.server:% sending keepalive ping
DEBUG:websockets.server:> PING 6c d0 78 c7 [binary, 4 bytes]
DEBUG:websockets.server:< PONG 6c d0 78 c7 [binary, 4 bytes]
DEBUG:websockets.server:% received keepalive pong
DEBUG:websockets.server:% sending keepalive ping
DEBUG:websockets.server:> PING 21 bd 30 14 [binary, 4 bytes]
DEBUG:websockets.server:< PONG 21 bd 30 14 [binary, 4 bytes]
DEBUG:websockets.server:% received keepalive pong
DEBUG:websockets.server:% sending keepalive ping
DEBUG:websockets.server:> PING bf cf d9 c4 [binary, 4 bytes]
DEBUG:websockets.server:< PONG bf cf d9 c4 [binary, 4 bytes]
DEBUG:websockets.server:% received keepalive pong
DEBUG:websockets.server:% sending keepalive ping
DEBUG:websockets.server:> PING ff c2 76 3c [binary, 4 bytes]
DEBUG:websockets.server:< PONG ff c2 76 3c [binary, 4 bytes]
DEBUG:websockets.server:% received keepalive pong
DEBUG:websockets.server:% sending keepalive ping
DEBUG:websockets.server:> PING c7 91 5f fb [binary, 4 bytes]
DEBUG:websockets.server:< PONG c7 91 5f fb [binary, 4 bytes]
DEBUG:websockets.server:% received keepalive pong
DEBUG:websockets.server:% sending keepalive ping
DEBUG:websockets.server:> PING 34 8c c7 41 [binary, 4 bytes]
DEBUG:websockets.server:< PONG 34 8c c7 41 [binary, 4 bytes]
DEBUG:websockets.server:% received keepalive pong
DEBUG:websockets.server:% sending keepalive ping
DEBUG:websockets.server:> PING 93 51 ad 18 [binary, 4 bytes]
DEBUG:websockets.server:< PONG 93 51 ad 18 [binary, 4 bytes]
DEBUG:websockets.server:% received keepalive pong
DEBUG:websockets.server:% sending keepalive ping
DEBUG:websockets.server:> PING 8f b2 3c 55 [binary, 4 bytes]
DEBUG:websockets.server:< PONG 8f b2 3c 55 [binary, 4 bytes]
DEBUG:websockets.server:% received keepalive pong
DEBUG:websockets.server:% sending keepalive ping
DEBUG:websockets.server:> PING 31 72 ed ec [binary, 4 bytes]
DEBUG:websockets.server:< PONG 31 72 ed ec [binary, 4 bytes]
DEBUG:websockets.server:% received keepalive pong
DEBUG:websockets.server:% sending keepalive ping
DEBUG:websockets.server:> PING 3d 73 e0 9b [binary, 4 bytes]
DEBUG:websockets.server:< PONG 3d 73 e0 9b [binary, 4 bytes]
DEBUG:websockets.server:% received keepalive pong
DEBUG:asyncio:Using proactor: IocpProactor
INFO:root:[34msocket start[0m
INFO:root:[34mWebsocket start[0m
INFO:websockets.server:server listening on [::1]:8001
INFO:websockets.server:server listening on 127.0.0.1:8001
DEBUG:asyncio:Using proactor: IocpProactor
INFO:root:[34msocket start[0m
INFO:root:[34mWebsocket start[0m
INFO:websockets.server:server listening on 127.0.0.1:8001
INFO:websockets.server:server listening on [::1]:8001
DEBUG:asyncio:Using proactor: IocpProactor
INFO:root:[34msocket start[0m
INFO:root:[34mWebsocket start[0m
INFO:websockets.server:server listening on 127.0.0.1:8001
INFO:websockets.server:server listening on [::1]:8001
DEBUG:asyncio:Using proactor: IocpProactor
INFO:root:[34msocket start[0m
INFO:root:[34mWebsocket start[0m
INFO:websockets.server:server listening on [::1]:8001
INFO:websockets.server:server listening on 127.0.0.1:8001
DEBUG:asyncio:Using proactor: IocpProactor
INFO:root:[34msocket start[0m
INFO:root:[34mWebsocket start[0m
INFO:websockets.server:server listening on [::1]:8001
INFO:websockets.server:server listening on 127.0.0.1:8001
DEBUG:asyncio:Using proactor: IocpProactor
INFO:root:[34msocket start[0m
INFO:root:[34mWebsocket start[0m
INFO:websockets.server:server listening on [::1]:8001
INFO:websockets.server:server listening on 127.0.0.1:8001
DEBUG:asyncio:Using proactor: IocpProactor
INFO:root:[34msocket start[0m
INFO:root:[34mWebsocket start[0m
INFO:websockets.server:server listening on 127.0.0.1:8001
INFO:websockets.server:server listening on [::1]:8001
DEBUG:asyncio:Using proactor: IocpProactor
INFO:root:[34msocket start[0m
INFO:root:[34mWebsocket start[0m
INFO:websockets.server:server listening on 127.0.0.1:8001
INFO:websockets.server:server listening on [::1]:8001
DEBUG:asyncio:Using proactor: IocpProactor
INFO:root:[34msocket start[0m
INFO:root:[34mWebsocket start[0m
INFO:websockets.server:server listening on 127.0.0.1:8001
INFO:websockets.server:server listening on [::1]:8001
DEBUG:asyncio:Using proactor: IocpProactor
INFO:root:[34msocket start[0m
INFO:root:[34mWebsocket start[0m
INFO:websockets.server:server listening on [::1]:8001
INFO:websockets.server:server listening on 127.0.0.1:8001
DEBUG:asyncio:Using proactor: IocpProactor
INFO:root:[34msocket start[0m
INFO:root:[34mWebsocket start[0m
INFO:websockets.server:server listening on [::1]:8001
INFO:websockets.server:server listening on 127.0.0.1:8001
DEBUG:asyncio:Using proactor: IocpProactor
INFO:root:[34msocket start[0m
INFO:root:[34mWebsocket start[0m
INFO:websockets.server:server listening on [::1]:8001
INFO:websockets.server:server listening on 127.0.0.1:8001
DEBUG:asyncio:Using proactor: IocpProactor
INFO:root:[34msocket start[0m
INFO:root:[34mWebsocket start[0m
INFO:websockets.server:server listening on 127.0.0.1:8001
INFO:websockets.server:server listening on [::1]:8001
DEBUG:asyncio:Using proactor: IocpProactor
INFO:root:[34msocket start[0m
INFO:root:[34mWebsocket start[0m
INFO:websockets.server:server listening on [::1]:8001
INFO:websockets.server:server listening on 127.0.0.1:8001
DEBUG:asyncio:Using proactor: IocpProactor
INFO:root:[34msocket start[0m
INFO:root:[34mWebsocket start[0m
INFO:websockets.server:server listening on 127.0.0.1:8001
INFO:websockets.server:server listening on [::1]:8001
DEBUG:asyncio:Using proactor: IocpProactor
INFO:root:[34msocket start[0m
INFO:root:[34mWebsocket start[0m
INFO:websockets.server:server listening on [::1]:8001
INFO:websockets.server:server listening on 127.0.0.1:8001
DEBUG:asyncio:Using proactor: IocpProactor
INFO:root:[34msocket start[0m
INFO:root:[34mWebsocket start[0m
INFO:websockets.server:server listening on [::1]:8001
INFO:websockets.server:server listening on 127.0.0.1:8001
DEBUG:asyncio:Using proactor: IocpProactor
INFO:root:[34msocket start[0m
INFO:root:[34mWebsocket start[0m
INFO:websockets.server:server listening on [::1]:8001
INFO:websockets.server:server listening on 127.0.0.1:8001
DEBUG:asyncio:Using proactor: IocpProactor
INFO:root:[34msocket start[0m
INFO:root:[34mWebsocket start[0m
INFO:websockets.server:server listening on [::1]:8001
INFO:websockets.server:server listening on 127.0.0.1:8001
DEBUG:asyncio:Using proactor: IocpProactor
INFO:root:[34msocket start[0m
INFO:root:[34mWebsocket start[0m
INFO:websockets.server:server listening on 127.0.0.1:8001
INFO:websockets.server:server listening on [::1]:8001
